Argentina  
Chile  
Argentina  
Chile  
Argentina  
Chile  
Argentina  
Chile  
Argentina  
Chile  
Argentina  
Chile  
Argentina  
Chile  
Argentina  
Chile  
Argentina  
Chile  
Argentina  
Chile  
Argentina  
Chile  
Argentina  
Chile  
Argentina  
Chile  
Argentina  
Chile  
Argentina  
Chile  
Argentina  
Chile  
Argentina  
Chile  
Argentina  
Chile  
Argentina  
